

================================================================
== Vitis HLS Report for 'mm1_Pipeline_l_S_k0_0_k0_l_j0'
================================================================
* Date:           Sun Sep  1 01:16:30 2024

* Version:        2022.1.2 (Build 3605665 on Fri Aug  5 22:52:02 MDT 2022)
* Project:        version2
* Solution:       solution1 (Vivado IP Flow Target)
* Product family: virtexuplus
* Target device:  xcu280-fsvh2892-2L-e


================================================================
== Performance Estimates
================================================================
+ Timing: 
    * Summary: 
    +--------+---------+----------+------------+
    |  Clock |  Target | Estimated| Uncertainty|
    +--------+---------+----------+------------+
    |ap_clk  |  3.33 ns|  3.041 ns|     0.90 ns|
    +--------+---------+----------+------------+

+ Latency: 
    * Summary: 
    +---------+---------+----------+----------+------+------+---------+
    |  Latency (cycles) |  Latency (absolute) |   Interval  | Pipeline|
    |   min   |   max   |    min   |    max   |  min |  max |   Type  |
    +---------+---------+----------+----------+------+------+---------+
    |     1934|     1934|  6.440 us|  6.440 us|  1934|  1934|       no|
    +---------+---------+----------+----------+------+------+---------+

    + Detail: 
        * Instance: 
        N/A

        * Loop: 
        +--------------------+---------+---------+----------+-----------+-----------+------+----------+
        |                    |  Latency (cycles) | Iteration|  Initiation Interval  | Trip |          |
        |      Loop Name     |   min   |   max   |  Latency |  achieved |   target  | Count| Pipelined|
        +--------------------+---------+---------+----------+-----------+-----------+------+----------+
        |- l_S_k0_0_k0_l_j0  |     1932|     1932|        15|          2|          1|   960|       yes|
        +--------------------+---------+---------+----------+-----------+-----------+------+----------+



================================================================
== Utilization Estimates
================================================================
* Summary: 
+---------------------+---------+------+---------+---------+-----+
|         Name        | BRAM_18K|  DSP |    FF   |   LUT   | URAM|
+---------------------+---------+------+---------+---------+-----+
|DSP                  |        -|     -|        -|        -|    -|
|Expression           |        -|     -|        0|      127|    -|
|FIFO                 |        -|     -|        -|        -|    -|
|Instance             |        -|   140|    13151|     8128|    -|
|Memory               |        -|     -|        -|        -|    -|
|Multiplexer          |        -|     -|        -|     2412|    -|
|Register             |        -|     -|     7397|     1824|    -|
+---------------------+---------+------+---------+---------+-----+
|Total                |        0|   140|    20548|    12491|    0|
+---------------------+---------+------+---------+---------+-----+
|Available SLR        |     1344|  3008|   869120|   434560|  320|
+---------------------+---------+------+---------+---------+-----+
|Utilization SLR (%)  |        0|     4|        2|        2|    0|
+---------------------+---------+------+---------+---------+-----+
|Available            |     4032|  9024|  2607360|  1303680|  960|
+---------------------+---------+------+---------+---------+-----+
|Utilization (%)      |        0|     1|       ~0|       ~0|    0|
+---------------------+---------+------+---------+---------+-----+

+ Detail: 
    * Instance: 
    +------------------------------------+--------------------------------+---------+----+-----+-----+-----+
    |              Instance              |             Module             | BRAM_18K| DSP|  FF | LUT | URAM|
    +------------------------------------+--------------------------------+---------+----+-----+-----+-----+
    |fadd_32ns_32ns_32_5_no_dsp_1_U84    |fadd_32ns_32ns_32_5_no_dsp_1    |        0|   0|  243|  338|    0|
    |fadd_32ns_32ns_32_7_full_dsp_1_U56  |fadd_32ns_32ns_32_7_full_dsp_1  |        0|   2|  318|  198|    0|
    |fadd_32ns_32ns_32_7_full_dsp_1_U57  |fadd_32ns_32ns_32_7_full_dsp_1  |        0|   2|  318|  198|    0|
    |fadd_32ns_32ns_32_7_full_dsp_1_U58  |fadd_32ns_32ns_32_7_full_dsp_1  |        0|   2|  318|  198|    0|
    |fadd_32ns_32ns_32_7_full_dsp_1_U59  |fadd_32ns_32ns_32_7_full_dsp_1  |        0|   2|  318|  198|    0|
    |fadd_32ns_32ns_32_7_full_dsp_1_U60  |fadd_32ns_32ns_32_7_full_dsp_1  |        0|   2|  318|  198|    0|
    |fadd_32ns_32ns_32_7_full_dsp_1_U61  |fadd_32ns_32ns_32_7_full_dsp_1  |        0|   2|  318|  198|    0|
    |fadd_32ns_32ns_32_7_full_dsp_1_U62  |fadd_32ns_32ns_32_7_full_dsp_1  |        0|   2|  318|  198|    0|
    |fadd_32ns_32ns_32_7_full_dsp_1_U63  |fadd_32ns_32ns_32_7_full_dsp_1  |        0|   2|  318|  198|    0|
    |fadd_32ns_32ns_32_7_full_dsp_1_U64  |fadd_32ns_32ns_32_7_full_dsp_1  |        0|   2|  318|  198|    0|
    |fadd_32ns_32ns_32_7_full_dsp_1_U65  |fadd_32ns_32ns_32_7_full_dsp_1  |        0|   2|  318|  198|    0|
    |fadd_32ns_32ns_32_7_full_dsp_1_U66  |fadd_32ns_32ns_32_7_full_dsp_1  |        0|   2|  318|  198|    0|
    |fadd_32ns_32ns_32_7_full_dsp_1_U67  |fadd_32ns_32ns_32_7_full_dsp_1  |        0|   2|  318|  198|    0|
    |fadd_32ns_32ns_32_7_full_dsp_1_U68  |fadd_32ns_32ns_32_7_full_dsp_1  |        0|   2|  318|  198|    0|
    |fadd_32ns_32ns_32_7_full_dsp_1_U69  |fadd_32ns_32ns_32_7_full_dsp_1  |        0|   2|  318|  198|    0|
    |fadd_32ns_32ns_32_7_full_dsp_1_U70  |fadd_32ns_32ns_32_7_full_dsp_1  |        0|   2|  318|  198|    0|
    |fadd_32ns_32ns_32_7_full_dsp_1_U71  |fadd_32ns_32ns_32_7_full_dsp_1  |        0|   2|  318|  198|    0|
    |fadd_32ns_32ns_32_7_full_dsp_1_U72  |fadd_32ns_32ns_32_7_full_dsp_1  |        0|   2|  318|  198|    0|
    |fadd_32ns_32ns_32_7_full_dsp_1_U73  |fadd_32ns_32ns_32_7_full_dsp_1  |        0|   2|  318|  198|    0|
    |fadd_32ns_32ns_32_7_full_dsp_1_U74  |fadd_32ns_32ns_32_7_full_dsp_1  |        0|   2|  318|  198|    0|
    |fadd_32ns_32ns_32_7_full_dsp_1_U75  |fadd_32ns_32ns_32_7_full_dsp_1  |        0|   2|  318|  198|    0|
    |fadd_32ns_32ns_32_7_full_dsp_1_U76  |fadd_32ns_32ns_32_7_full_dsp_1  |        0|   2|  318|  198|    0|
    |fadd_32ns_32ns_32_7_full_dsp_1_U77  |fadd_32ns_32ns_32_7_full_dsp_1  |        0|   2|  318|  198|    0|
    |fadd_32ns_32ns_32_7_full_dsp_1_U78  |fadd_32ns_32ns_32_7_full_dsp_1  |        0|   2|  318|  198|    0|
    |fadd_32ns_32ns_32_7_full_dsp_1_U79  |fadd_32ns_32ns_32_7_full_dsp_1  |        0|   2|  318|  198|    0|
    |fadd_32ns_32ns_32_7_full_dsp_1_U80  |fadd_32ns_32ns_32_7_full_dsp_1  |        0|   2|  318|  198|    0|
    |fadd_32ns_32ns_32_7_full_dsp_1_U81  |fadd_32ns_32ns_32_7_full_dsp_1  |        0|   2|  318|  198|    0|
    |fadd_32ns_32ns_32_7_full_dsp_1_U82  |fadd_32ns_32ns_32_7_full_dsp_1  |        0|   2|  318|  198|    0|
    |fadd_32ns_32ns_32_7_full_dsp_1_U83  |fadd_32ns_32ns_32_7_full_dsp_1  |        0|   2|  318|  198|    0|
    |fmul_32ns_32ns_32_4_max_dsp_1_U85   |fmul_32ns_32ns_32_4_max_dsp_1   |        0|   3|  143|   78|    0|
    |fmul_32ns_32ns_32_4_max_dsp_1_U86   |fmul_32ns_32ns_32_4_max_dsp_1   |        0|   3|  143|   78|    0|
    |fmul_32ns_32ns_32_4_max_dsp_1_U87   |fmul_32ns_32ns_32_4_max_dsp_1   |        0|   3|  143|   78|    0|
    |fmul_32ns_32ns_32_4_max_dsp_1_U88   |fmul_32ns_32ns_32_4_max_dsp_1   |        0|   3|  143|   78|    0|
    |fmul_32ns_32ns_32_4_max_dsp_1_U89   |fmul_32ns_32ns_32_4_max_dsp_1   |        0|   3|  143|   78|    0|
    |fmul_32ns_32ns_32_4_max_dsp_1_U90   |fmul_32ns_32ns_32_4_max_dsp_1   |        0|   3|  143|   78|    0|
    |fmul_32ns_32ns_32_4_max_dsp_1_U91   |fmul_32ns_32ns_32_4_max_dsp_1   |        0|   3|  143|   78|    0|
    |fmul_32ns_32ns_32_4_max_dsp_1_U92   |fmul_32ns_32ns_32_4_max_dsp_1   |        0|   3|  143|   78|    0|
    |fmul_32ns_32ns_32_4_max_dsp_1_U93   |fmul_32ns_32ns_32_4_max_dsp_1   |        0|   3|  143|   78|    0|
    |fmul_32ns_32ns_32_4_max_dsp_1_U94   |fmul_32ns_32ns_32_4_max_dsp_1   |        0|   3|  143|   78|    0|
    |fmul_32ns_32ns_32_4_max_dsp_1_U95   |fmul_32ns_32ns_32_4_max_dsp_1   |        0|   3|  143|   78|    0|
    |fmul_32ns_32ns_32_4_max_dsp_1_U96   |fmul_32ns_32ns_32_4_max_dsp_1   |        0|   3|  143|   78|    0|
    |fmul_32ns_32ns_32_4_max_dsp_1_U97   |fmul_32ns_32ns_32_4_max_dsp_1   |        0|   3|  143|   78|    0|
    |fmul_32ns_32ns_32_4_max_dsp_1_U98   |fmul_32ns_32ns_32_4_max_dsp_1   |        0|   3|  143|   78|    0|
    |fmul_32ns_32ns_32_4_max_dsp_1_U99   |fmul_32ns_32ns_32_4_max_dsp_1   |        0|   3|  143|   78|    0|
    |fmul_32ns_32ns_32_4_max_dsp_1_U100  |fmul_32ns_32ns_32_4_max_dsp_1   |        0|   3|  143|   78|    0|
    |fmul_32ns_32ns_32_4_max_dsp_1_U101  |fmul_32ns_32ns_32_4_max_dsp_1   |        0|   3|  143|   78|    0|
    |fmul_32ns_32ns_32_4_max_dsp_1_U102  |fmul_32ns_32ns_32_4_max_dsp_1   |        0|   3|  143|   78|    0|
    |fmul_32ns_32ns_32_4_max_dsp_1_U103  |fmul_32ns_32ns_32_4_max_dsp_1   |        0|   3|  143|   78|    0|
    |fmul_32ns_32ns_32_4_max_dsp_1_U104  |fmul_32ns_32ns_32_4_max_dsp_1   |        0|   3|  143|   78|    0|
    |fmul_32ns_32ns_32_4_max_dsp_1_U105  |fmul_32ns_32ns_32_4_max_dsp_1   |        0|   3|  143|   78|    0|
    |fmul_32ns_32ns_32_4_max_dsp_1_U106  |fmul_32ns_32ns_32_4_max_dsp_1   |        0|   3|  143|   78|    0|
    |fmul_32ns_32ns_32_4_max_dsp_1_U107  |fmul_32ns_32ns_32_4_max_dsp_1   |        0|   3|  143|   78|    0|
    |fmul_32ns_32ns_32_4_max_dsp_1_U108  |fmul_32ns_32ns_32_4_max_dsp_1   |        0|   3|  143|   78|    0|
    |fmul_32ns_32ns_32_4_max_dsp_1_U109  |fmul_32ns_32ns_32_4_max_dsp_1   |        0|   3|  143|   78|    0|
    |fmul_32ns_32ns_32_4_max_dsp_1_U110  |fmul_32ns_32ns_32_4_max_dsp_1   |        0|   3|  143|   78|    0|
    |fmul_32ns_32ns_32_4_max_dsp_1_U111  |fmul_32ns_32ns_32_4_max_dsp_1   |        0|   3|  143|   78|    0|
    |fmul_32ns_32ns_32_4_max_dsp_1_U112  |fmul_32ns_32ns_32_4_max_dsp_1   |        0|   3|  143|   78|    0|
    |mul_8ns_10ns_17_1_1_U113            |mul_8ns_10ns_17_1_1             |        0|   0|    0|   62|    0|
    +------------------------------------+--------------------------------+---------+----+-----+-----+-----+
    |Total                               |                                |        0| 140|13151| 8128|    0|
    +------------------------------------+--------------------------------+---------+----+-----+-----+-----+

    * DSP: 
    N/A

    * Memory: 
    N/A

    * FIFO: 
    N/A

    * Expression: 
    +--------------------------+----------+----+---+----+------------+------------+
    |       Variable Name      | Operation| DSP| FF| LUT| Bitwidth P0| Bitwidth P1|
    +--------------------------+----------+----+---+----+------------+------------+
    |add_ln31_1_fu_2165_p2     |         +|   0|  0|  23|          16|          16|
    |add_ln31_2_fu_2074_p2     |         +|   0|  0|  17|          10|           1|
    |add_ln31_fu_2086_p2       |         +|   0|  0|  15|           8|           1|
    |add_ln32_fu_2134_p2       |         +|   0|  0|  15|           8|           6|
    |add_ln36_fu_2178_p2       |         +|   0|  0|  17|          10|          10|
    |icmp_ln31_fu_2068_p2      |      icmp|   0|  0|  11|          10|           8|
    |icmp_ln32_fu_2092_p2      |      icmp|   0|  0|  11|           8|           7|
    |select_ln31_1_fu_2106_p3  |    select|   0|  0|   8|           1|           8|
    |select_ln31_fu_2098_p3    |    select|   0|  0|   8|           1|           8|
    |ap_enable_pp0             |       xor|   0|  0|   2|           1|           2|
    +--------------------------+----------+----+---+----+------------+------------+
    |Total                     |          |   0|  0| 127|          73|          67|
    +--------------------------+----------+----+---+----+------------+------------+

    * Multiplexer: 
    +--------------------------------------+----+-----------+-----+-----------+
    |                 Name                 | LUT| Input Size| Bits| Total Bits|
    +--------------------------------------+----+-----------+-----+-----------+
    |ap_NS_fsm                             |  14|          3|    1|          3|
    |ap_done_int                           |   9|          2|    1|          2|
    |ap_enable_reg_pp0_iter0               |   9|          2|    1|          2|
    |ap_enable_reg_pp0_iter1               |   9|          2|    1|          2|
    |ap_enable_reg_pp0_iter7               |   9|          2|    1|          2|
    |ap_loop_exit_ready_pp0_iter1_reg      |   9|          2|    1|          2|
    |ap_loop_exit_ready_pp0_iter2_reg      |   9|          2|    1|          2|
    |ap_loop_exit_ready_pp0_iter3_reg      |   9|          2|    1|          2|
    |ap_loop_exit_ready_pp0_iter4_reg      |   9|          2|    1|          2|
    |ap_loop_exit_ready_pp0_iter5_reg      |   9|          2|    1|          2|
    |ap_loop_exit_ready_pp0_iter6_reg      |   9|          2|    1|          2|
    |ap_sig_allocacmp_indvar_flatten_load  |   9|          2|   10|         20|
    |ap_sig_allocacmp_j0_load              |   9|          2|    8|         16|
    |ap_sig_allocacmp_k0_load              |   9|          2|    8|         16|
    |grp_fu_1712_p0                        |  14|          3|   32|         96|
    |grp_fu_1712_p1                        |  14|          3|   32|         96|
    |grp_fu_1718_p0                        |  14|          3|   32|         96|
    |grp_fu_1718_p1                        |  14|          3|   32|         96|
    |grp_fu_1724_p0                        |  14|          3|   32|         96|
    |grp_fu_1724_p1                        |  14|          3|   32|         96|
    |grp_fu_1730_p0                        |  14|          3|   32|         96|
    |grp_fu_1730_p1                        |  14|          3|   32|         96|
    |grp_fu_1736_p0                        |  14|          3|   32|         96|
    |grp_fu_1736_p1                        |  14|          3|   32|         96|
    |grp_fu_1742_p0                        |  14|          3|   32|         96|
    |grp_fu_1742_p1                        |  14|          3|   32|         96|
    |grp_fu_1748_p0                        |  14|          3|   32|         96|
    |grp_fu_1748_p1                        |  14|          3|   32|         96|
    |grp_fu_1754_p0                        |  14|          3|   32|         96|
    |grp_fu_1754_p1                        |  14|          3|   32|         96|
    |grp_fu_1760_p0                        |  14|          3|   32|         96|
    |grp_fu_1760_p1                        |  14|          3|   32|         96|
    |grp_fu_1766_p0                        |  14|          3|   32|         96|
    |grp_fu_1766_p1                        |  14|          3|   32|         96|
    |grp_fu_1772_p0                        |  14|          3|   32|         96|
    |grp_fu_1772_p1                        |  14|          3|   32|         96|
    |grp_fu_1778_p0                        |  14|          3|   32|         96|
    |grp_fu_1778_p1                        |  14|          3|   32|         96|
    |grp_fu_1784_p0                        |  14|          3|   32|         96|
    |grp_fu_1784_p1                        |  14|          3|   32|         96|
    |grp_fu_1790_p0                        |  14|          3|   32|         96|
    |grp_fu_1790_p1                        |  14|          3|   32|         96|
    |grp_fu_1796_p0                        |  14|          3|   32|         96|
    |grp_fu_1796_p1                        |  14|          3|   32|         96|
    |grp_fu_1802_p0                        |  14|          3|   32|         96|
    |grp_fu_1802_p1                        |  14|          3|   32|         96|
    |grp_fu_1808_p0                        |  14|          3|   32|         96|
    |grp_fu_1808_p1                        |  14|          3|   32|         96|
    |grp_fu_1814_p0                        |  14|          3|   32|         96|
    |grp_fu_1814_p1                        |  14|          3|   32|         96|
    |grp_fu_1820_p0                        |  14|          3|   32|         96|
    |grp_fu_1820_p1                        |  14|          3|   32|         96|
    |grp_fu_1826_p0                        |  14|          3|   32|         96|
    |grp_fu_1826_p1                        |  14|          3|   32|         96|
    |grp_fu_1832_p0                        |  14|          3|   32|         96|
    |grp_fu_1832_p1                        |  14|          3|   32|         96|
    |grp_fu_1838_p0                        |  14|          3|   32|         96|
    |grp_fu_1838_p1                        |  14|          3|   32|         96|
    |grp_fu_1844_p0                        |  14|          3|   32|         96|
    |grp_fu_1844_p1                        |  14|          3|   32|         96|
    |grp_fu_1850_p0                        |  14|          3|   32|         96|
    |grp_fu_1850_p1                        |  14|          3|   32|         96|
    |grp_fu_1856_p0                        |  14|          3|   32|         96|
    |grp_fu_1856_p1                        |  14|          3|   32|         96|
    |grp_fu_1862_p0                        |  14|          3|   32|         96|
    |grp_fu_1862_p1                        |  14|          3|   32|         96|
    |grp_fu_1938_p0                        |  14|          3|   32|         96|
    |grp_fu_1938_p1                        |  14|          3|   32|         96|
    |grp_fu_1942_p0                        |  14|          3|   32|         96|
    |grp_fu_1942_p1                        |  14|          3|   32|         96|
    |grp_fu_1946_p0                        |  14|          3|   32|         96|
    |grp_fu_1946_p1                        |  14|          3|   32|         96|
    |grp_fu_1950_p0                        |  14|          3|   32|         96|
    |grp_fu_1950_p1                        |  14|          3|   32|         96|
    |grp_fu_1954_p0                        |  14|          3|   32|         96|
    |grp_fu_1954_p1                        |  14|          3|   32|         96|
    |grp_fu_1958_p0                        |  14|          3|   32|         96|
    |grp_fu_1958_p1                        |  14|          3|   32|         96|
    |grp_fu_1962_p0                        |  14|          3|   32|         96|
    |grp_fu_1962_p1                        |  14|          3|   32|         96|
    |grp_fu_1966_p0                        |  14|          3|   32|         96|
    |grp_fu_1966_p1                        |  14|          3|   32|         96|
    |grp_fu_1970_p0                        |  14|          3|   32|         96|
    |grp_fu_1970_p1                        |  14|          3|   32|         96|
    |grp_fu_1974_p0                        |  14|          3|   32|         96|
    |grp_fu_1974_p1                        |  14|          3|   32|         96|
    |grp_fu_1978_p0                        |  14|          3|   32|         96|
    |grp_fu_1978_p1                        |  14|          3|   32|         96|
    |grp_fu_1982_p0                        |  14|          3|   32|         96|
    |grp_fu_1982_p1                        |  14|          3|   32|         96|
    |grp_fu_1986_p0                        |  14|          3|   32|         96|
    |grp_fu_1986_p1                        |  14|          3|   32|         96|
    |grp_fu_1990_p0                        |  14|          3|   32|         96|
    |grp_fu_1990_p1                        |  14|          3|   32|         96|
    |grp_fu_1994_p0                        |  14|          3|   32|         96|
    |grp_fu_1994_p1                        |  14|          3|   32|         96|
    |grp_fu_1998_p0                        |  14|          3|   32|         96|
    |grp_fu_1998_p1                        |  14|          3|   32|         96|
    |grp_fu_2002_p0                        |  14|          3|   32|         96|
    |grp_fu_2002_p1                        |  14|          3|   32|         96|
    |grp_fu_2006_p0                        |  14|          3|   32|         96|
    |grp_fu_2006_p1                        |  14|          3|   32|         96|
    |grp_fu_2010_p0                        |  14|          3|   32|         96|
    |grp_fu_2010_p1                        |  14|          3|   32|         96|
    |grp_fu_2014_p0                        |  14|          3|   32|         96|
    |grp_fu_2014_p1                        |  14|          3|   32|         96|
    |grp_fu_2018_p0                        |  14|          3|   32|         96|
    |grp_fu_2018_p1                        |  14|          3|   32|         96|
    |grp_fu_2022_p0                        |  14|          3|   32|         96|
    |grp_fu_2022_p1                        |  14|          3|   32|         96|
    |grp_fu_2026_p0                        |  14|          3|   32|         96|
    |grp_fu_2026_p1                        |  14|          3|   32|         96|
    |grp_fu_2030_p0                        |  14|          3|   32|         96|
    |grp_fu_2030_p1                        |  14|          3|   32|         96|
    |grp_fu_2034_p0                        |  14|          3|   32|         96|
    |grp_fu_2034_p1                        |  14|          3|   32|         96|
    |grp_fu_2038_p0                        |  14|          3|   32|         96|
    |grp_fu_2038_p1                        |  14|          3|   32|         96|
    |grp_fu_2042_p0                        |  14|          3|   32|         96|
    |grp_fu_2042_p1                        |  14|          3|   32|         96|
    |indvar_flatten_fu_286                 |   9|          2|   10|         20|
    |j0_fu_278                             |   9|          2|    8|         16|
    |k0_fu_282                             |   9|          2|    8|         16|
    |v4_10_address0                        |  14|          3|    2|          6|
    |v4_11_address0                        |  14|          3|    2|          6|
    |v4_12_address0                        |  14|          3|    2|          6|
    |v4_13_address0                        |  14|          3|    2|          6|
    |v4_14_address0                        |  14|          3|    2|          6|
    |v4_15_address0                        |  14|          3|    2|          6|
    |v4_16_address0                        |  14|          3|    2|          6|
    |v4_17_address0                        |  14|          3|    2|          6|
    |v4_18_address0                        |  14|          3|    2|          6|
    |v4_19_address0                        |  14|          3|    2|          6|
    |v4_1_address0                         |  14|          3|    2|          6|
    |v4_20_address0                        |  14|          3|    2|          6|
    |v4_21_address0                        |  14|          3|    2|          6|
    |v4_22_address0                        |  14|          3|    2|          6|
    |v4_23_address0                        |  14|          3|    2|          6|
    |v4_24_address0                        |  14|          3|    2|          6|
    |v4_25_address0                        |  14|          3|    2|          6|
    |v4_26_address0                        |  14|          3|    2|          6|
    |v4_27_address0                        |  14|          3|    2|          6|
    |v4_28_address0                        |  14|          3|    2|          6|
    |v4_29_address0                        |  14|          3|    2|          6|
    |v4_2_address0                         |  14|          3|    2|          6|
    |v4_30_address0                        |  14|          3|    2|          6|
    |v4_31_address0                        |  14|          3|    2|          6|
    |v4_32_address0                        |  14|          3|    2|          6|
    |v4_33_address0                        |  14|          3|    2|          6|
    |v4_34_address0                        |  14|          3|    2|          6|
    |v4_35_address0                        |  14|          3|    2|          6|
    |v4_36_address0                        |  14|          3|    2|          6|
    |v4_37_address0                        |  14|          3|    2|          6|
    |v4_38_address0                        |  14|          3|    2|          6|
    |v4_39_address0                        |  14|          3|    2|          6|
    |v4_3_address0                         |  14|          3|    2|          6|
    |v4_40_address0                        |  14|          3|    2|          6|
    |v4_41_address0                        |  14|          3|    2|          6|
    |v4_42_address0                        |  14|          3|    2|          6|
    |v4_43_address0                        |  14|          3|    2|          6|
    |v4_44_address0                        |  14|          3|    2|          6|
    |v4_45_address0                        |  14|          3|    2|          6|
    |v4_46_address0                        |  14|          3|    2|          6|
    |v4_47_address0                        |  14|          3|    2|          6|
    |v4_48_address0                        |  14|          3|    2|          6|
    |v4_49_address0                        |  14|          3|    2|          6|
    |v4_4_address0                         |  14|          3|    2|          6|
    |v4_50_address0                        |  14|          3|    2|          6|
    |v4_51_address0                        |  14|          3|    2|          6|
    |v4_52_address0                        |  14|          3|    2|          6|
    |v4_53_address0                        |  14|          3|    2|          6|
    |v4_54_address0                        |  14|          3|    2|          6|
    |v4_5_address0                         |  14|          3|    2|          6|
    |v4_6_address0                         |  14|          3|    2|          6|
    |v4_7_address0                         |  14|          3|    2|          6|
    |v4_8_address0                         |  14|          3|    2|          6|
    |v4_9_address0                         |  14|          3|    2|          6|
    |v4_address0                           |  14|          3|    2|          6|
    +--------------------------------------+----+-----------+-----+-----------+
    |Total                                 |2412|        518| 3565|      10633|
    +--------------------------------------+----+-----------+-----+-----------+

    * Register: 
    +----------------------------------+----+----+-----+-----------+
    |               Name               | FF | LUT| Bits| Const Bits|
    +----------------------------------+----+----+-----+-----------+
    |ap_CS_fsm                         |   2|   0|    2|          0|
    |ap_done_reg                       |   1|   0|    1|          0|
    |ap_enable_reg_pp0_iter0_reg       |   1|   0|    1|          0|
    |ap_enable_reg_pp0_iter1           |   1|   0|    1|          0|
    |ap_enable_reg_pp0_iter2           |   1|   0|    1|          0|
    |ap_enable_reg_pp0_iter3           |   1|   0|    1|          0|
    |ap_enable_reg_pp0_iter4           |   1|   0|    1|          0|
    |ap_enable_reg_pp0_iter5           |   1|   0|    1|          0|
    |ap_enable_reg_pp0_iter6           |   1|   0|    1|          0|
    |ap_enable_reg_pp0_iter7           |   1|   0|    1|          0|
    |ap_loop_exit_ready_pp0_iter1_reg  |   1|   0|    1|          0|
    |ap_loop_exit_ready_pp0_iter2_reg  |   1|   0|    1|          0|
    |ap_loop_exit_ready_pp0_iter3_reg  |   1|   0|    1|          0|
    |ap_loop_exit_ready_pp0_iter4_reg  |   1|   0|    1|          0|
    |ap_loop_exit_ready_pp0_iter5_reg  |   1|   0|    1|          0|
    |ap_loop_exit_ready_pp0_iter6_reg  |   1|   0|    1|          0|
    |bitcast_ln31_reg_3154             |  32|   0|   32|          0|
    |icmp_ln31_reg_2578                |   1|   0|    1|          0|
    |indvar_flatten_fu_286             |  10|   0|   10|          0|
    |j0_fu_278                         |   8|   0|    8|          0|
    |k0_fu_282                         |   8|   0|    8|          0|
    |select_ln31_1_reg_2582            |   8|   0|    8|          0|
    |tmp_1_reg_2588                    |   3|   0|    3|          0|
    |v10_10_reg_3556                   |  32|   0|   32|          0|
    |v10_11_reg_3566                   |  32|   0|   32|          0|
    |v10_12_reg_3576                   |  32|   0|   32|          0|
    |v10_13_reg_3586                   |  32|   0|   32|          0|
    |v10_14_reg_3596                   |  32|   0|   32|          0|
    |v10_15_reg_3606                   |  32|   0|   32|          0|
    |v10_16_reg_3616                   |  32|   0|   32|          0|
    |v10_17_reg_3626                   |  32|   0|   32|          0|
    |v10_18_reg_3636                   |  32|   0|   32|          0|
    |v10_19_reg_3646                   |  32|   0|   32|          0|
    |v10_1_reg_3466                    |  32|   0|   32|          0|
    |v10_20_reg_3656                   |  32|   0|   32|          0|
    |v10_21_reg_3666                   |  32|   0|   32|          0|
    |v10_22_reg_3676                   |  32|   0|   32|          0|
    |v10_23_reg_3686                   |  32|   0|   32|          0|
    |v10_24_reg_3696                   |  32|   0|   32|          0|
    |v10_25_reg_3706                   |  32|   0|   32|          0|
    |v10_26_reg_3716                   |  32|   0|   32|          0|
    |v10_27_reg_3726                   |  32|   0|   32|          0|
    |v10_28_reg_3736                   |  32|   0|   32|          0|
    |v10_29_reg_4021                   |  32|   0|   32|          0|
    |v10_2_reg_3476                    |  32|   0|   32|          0|
    |v10_30_reg_4026                   |  32|   0|   32|          0|
    |v10_31_reg_4031                   |  32|   0|   32|          0|
    |v10_32_reg_4036                   |  32|   0|   32|          0|
    |v10_33_reg_4041                   |  32|   0|   32|          0|
    |v10_34_reg_4046                   |  32|   0|   32|          0|
    |v10_35_reg_4051                   |  32|   0|   32|          0|
    |v10_36_reg_4056                   |  32|   0|   32|          0|
    |v10_37_reg_4061                   |  32|   0|   32|          0|
    |v10_38_reg_4066                   |  32|   0|   32|          0|
    |v10_39_reg_4071                   |  32|   0|   32|          0|
    |v10_3_reg_3486                    |  32|   0|   32|          0|
    |v10_40_reg_4076                   |  32|   0|   32|          0|
    |v10_41_reg_4081                   |  32|   0|   32|          0|
    |v10_42_reg_4086                   |  32|   0|   32|          0|
    |v10_43_reg_4091                   |  32|   0|   32|          0|
    |v10_44_reg_4096                   |  32|   0|   32|          0|
    |v10_45_reg_4101                   |  32|   0|   32|          0|
    |v10_46_reg_4106                   |  32|   0|   32|          0|
    |v10_47_reg_4111                   |  32|   0|   32|          0|
    |v10_48_reg_4116                   |  32|   0|   32|          0|
    |v10_49_reg_4121                   |  32|   0|   32|          0|
    |v10_4_reg_3496                    |  32|   0|   32|          0|
    |v10_50_reg_4126                   |  32|   0|   32|          0|
    |v10_51_reg_4131                   |  32|   0|   32|          0|
    |v10_52_reg_4136                   |  32|   0|   32|          0|
    |v10_53_reg_4141                   |  32|   0|   32|          0|
    |v10_54_reg_4146                   |  32|   0|   32|          0|
    |v10_5_reg_3506                    |  32|   0|   32|          0|
    |v10_6_reg_3516                    |  32|   0|   32|          0|
    |v10_7_reg_3526                    |  32|   0|   32|          0|
    |v10_8_reg_3536                    |  32|   0|   32|          0|
    |v10_9_reg_3546                    |  32|   0|   32|          0|
    |v10_reg_3876                      |  32|   0|   32|          0|
    |v24_load_reg_2874                 |  32|   0|   32|          0|
    |v25_0_load_reg_2879               |  32|   0|   32|          0|
    |v25_10_load_reg_2929              |  32|   0|   32|          0|
    |v25_11_load_reg_2934              |  32|   0|   32|          0|
    |v25_12_load_reg_2939              |  32|   0|   32|          0|
    |v25_13_load_reg_2944              |  32|   0|   32|          0|
    |v25_14_load_reg_2949              |  32|   0|   32|          0|
    |v25_15_load_reg_2954              |  32|   0|   32|          0|
    |v25_16_load_reg_2959              |  32|   0|   32|          0|
    |v25_17_load_reg_2964              |  32|   0|   32|          0|
    |v25_18_load_reg_2969              |  32|   0|   32|          0|
    |v25_19_load_reg_2974              |  32|   0|   32|          0|
    |v25_1_load_reg_2884               |  32|   0|   32|          0|
    |v25_20_load_reg_2979              |  32|   0|   32|          0|
    |v25_21_load_reg_2984              |  32|   0|   32|          0|
    |v25_22_load_reg_2989              |  32|   0|   32|          0|
    |v25_23_load_reg_2994              |  32|   0|   32|          0|
    |v25_24_load_reg_2999              |  32|   0|   32|          0|
    |v25_25_load_reg_3004              |  32|   0|   32|          0|
    |v25_26_load_reg_3009              |  32|   0|   32|          0|
    |v25_27_load_reg_3014              |  32|   0|   32|          0|
    |v25_28_load_reg_3019              |  32|   0|   32|          0|
    |v25_29_load_reg_3024              |  32|   0|   32|          0|
    |v25_2_load_reg_2889               |  32|   0|   32|          0|
    |v25_30_load_reg_3029              |  32|   0|   32|          0|
    |v25_31_load_reg_3034              |  32|   0|   32|          0|
    |v25_32_load_reg_3039              |  32|   0|   32|          0|
    |v25_33_load_reg_3044              |  32|   0|   32|          0|
    |v25_34_load_reg_3049              |  32|   0|   32|          0|
    |v25_35_load_reg_3054              |  32|   0|   32|          0|
    |v25_36_load_reg_3059              |  32|   0|   32|          0|
    |v25_37_load_reg_3064              |  32|   0|   32|          0|
    |v25_38_load_reg_3069              |  32|   0|   32|          0|
    |v25_39_load_reg_3074              |  32|   0|   32|          0|
    |v25_3_load_reg_2894               |  32|   0|   32|          0|
    |v25_40_load_reg_3079              |  32|   0|   32|          0|
    |v25_41_load_reg_3084              |  32|   0|   32|          0|
    |v25_42_load_reg_3089              |  32|   0|   32|          0|
    |v25_43_load_reg_3094              |  32|   0|   32|          0|
    |v25_44_load_reg_3099              |  32|   0|   32|          0|
    |v25_45_load_reg_3104              |  32|   0|   32|          0|
    |v25_46_load_reg_3109              |  32|   0|   32|          0|
    |v25_47_load_reg_3114              |  32|   0|   32|          0|
    |v25_48_load_reg_3119              |  32|   0|   32|          0|
    |v25_49_load_reg_3124              |  32|   0|   32|          0|
    |v25_4_load_reg_2899               |  32|   0|   32|          0|
    |v25_50_load_reg_3129              |  32|   0|   32|          0|
    |v25_51_load_reg_3134              |  32|   0|   32|          0|
    |v25_52_load_reg_3139              |  32|   0|   32|          0|
    |v25_53_load_reg_3144              |  32|   0|   32|          0|
    |v25_54_load_reg_3149              |  32|   0|   32|          0|
    |v25_5_load_reg_2904               |  32|   0|   32|          0|
    |v25_6_load_reg_2909               |  32|   0|   32|          0|
    |v25_7_load_reg_2914               |  32|   0|   32|          0|
    |v25_8_load_reg_2919               |  32|   0|   32|          0|
    |v25_9_load_reg_2924               |  32|   0|   32|          0|
    |v4_10_addr_reg_3561               |   2|   0|    2|          0|
    |v4_11_addr_reg_3571               |   2|   0|    2|          0|
    |v4_12_addr_reg_3581               |   2|   0|    2|          0|
    |v4_13_addr_reg_3591               |   2|   0|    2|          0|
    |v4_14_addr_reg_3601               |   2|   0|    2|          0|
    |v4_15_addr_reg_3611               |   2|   0|    2|          0|
    |v4_16_addr_reg_3621               |   2|   0|    2|          0|
    |v4_17_addr_reg_3631               |   2|   0|    2|          0|
    |v4_18_addr_reg_3641               |   2|   0|    2|          0|
    |v4_19_addr_reg_3651               |   2|   0|    2|          0|
    |v4_1_addr_reg_3471                |   2|   0|    2|          0|
    |v4_20_addr_reg_3661               |   2|   0|    2|          0|
    |v4_21_addr_reg_3671               |   2|   0|    2|          0|
    |v4_22_addr_reg_3681               |   2|   0|    2|          0|
    |v4_23_addr_reg_3691               |   2|   0|    2|          0|
    |v4_24_addr_reg_3701               |   2|   0|    2|          0|
    |v4_25_addr_reg_3711               |   2|   0|    2|          0|
    |v4_26_addr_reg_3721               |   2|   0|    2|          0|
    |v4_27_addr_reg_3731               |   2|   0|    2|          0|
    |v4_28_addr_reg_3741               |   2|   0|    2|          0|
    |v4_29_addr_reg_3746               |   2|   0|    2|          0|
    |v4_2_addr_reg_3481                |   2|   0|    2|          0|
    |v4_30_addr_reg_3751               |   2|   0|    2|          0|
    |v4_31_addr_reg_3756               |   2|   0|    2|          0|
    |v4_32_addr_reg_3761               |   2|   0|    2|          0|
    |v4_33_addr_reg_3766               |   2|   0|    2|          0|
    |v4_34_addr_reg_3771               |   2|   0|    2|          0|
    |v4_35_addr_reg_3776               |   2|   0|    2|          0|
    |v4_36_addr_reg_3781               |   2|   0|    2|          0|
    |v4_37_addr_reg_3786               |   2|   0|    2|          0|
    |v4_38_addr_reg_3791               |   2|   0|    2|          0|
    |v4_39_addr_reg_3796               |   2|   0|    2|          0|
    |v4_3_addr_reg_3491                |   2|   0|    2|          0|
    |v4_40_addr_reg_3801               |   2|   0|    2|          0|
    |v4_41_addr_reg_3806               |   2|   0|    2|          0|
    |v4_42_addr_reg_3811               |   2|   0|    2|          0|
    |v4_43_addr_reg_3816               |   2|   0|    2|          0|
    |v4_44_addr_reg_3821               |   2|   0|    2|          0|
    |v4_45_addr_reg_3826               |   2|   0|    2|          0|
    |v4_46_addr_reg_3831               |   2|   0|    2|          0|
    |v4_47_addr_reg_3836               |   2|   0|    2|          0|
    |v4_48_addr_reg_3841               |   2|   0|    2|          0|
    |v4_49_addr_reg_3846               |   2|   0|    2|          0|
    |v4_4_addr_reg_3501                |   2|   0|    2|          0|
    |v4_50_addr_reg_3851               |   2|   0|    2|          0|
    |v4_51_addr_reg_3856               |   2|   0|    2|          0|
    |v4_52_addr_reg_3861               |   2|   0|    2|          0|
    |v4_53_addr_reg_3866               |   2|   0|    2|          0|
    |v4_54_addr_reg_3871               |   2|   0|    2|          0|
    |v4_5_addr_reg_3511                |   2|   0|    2|          0|
    |v4_6_addr_reg_3521                |   2|   0|    2|          0|
    |v4_7_addr_reg_3531                |   2|   0|    2|          0|
    |v4_8_addr_reg_3541                |   2|   0|    2|          0|
    |v4_9_addr_reg_3551                |   2|   0|    2|          0|
    |v4_addr_reg_3461                  |   2|   0|    2|          0|
    |icmp_ln31_reg_2578                |  64|  32|    1|          0|
    |tmp_1_reg_2588                    |  64|  32|    3|          0|
    |v4_10_addr_reg_3561               |  64|  32|    2|          0|
    |v4_11_addr_reg_3571               |  64|  32|    2|          0|
    |v4_12_addr_reg_3581               |  64|  32|    2|          0|
    |v4_13_addr_reg_3591               |  64|  32|    2|          0|
    |v4_14_addr_reg_3601               |  64|  32|    2|          0|
    |v4_15_addr_reg_3611               |  64|  32|    2|          0|
    |v4_16_addr_reg_3621               |  64|  32|    2|          0|
    |v4_17_addr_reg_3631               |  64|  32|    2|          0|
    |v4_18_addr_reg_3641               |  64|  32|    2|          0|
    |v4_19_addr_reg_3651               |  64|  32|    2|          0|
    |v4_1_addr_reg_3471                |  64|  32|    2|          0|
    |v4_20_addr_reg_3661               |  64|  32|    2|          0|
    |v4_21_addr_reg_3671               |  64|  32|    2|          0|
    |v4_22_addr_reg_3681               |  64|  32|    2|          0|
    |v4_23_addr_reg_3691               |  64|  32|    2|          0|
    |v4_24_addr_reg_3701               |  64|  32|    2|          0|
    |v4_25_addr_reg_3711               |  64|  32|    2|          0|
    |v4_26_addr_reg_3721               |  64|  32|    2|          0|
    |v4_27_addr_reg_3731               |  64|  32|    2|          0|
    |v4_28_addr_reg_3741               |  64|  32|    2|          0|
    |v4_29_addr_reg_3746               |  64|  32|    2|          0|
    |v4_2_addr_reg_3481                |  64|  32|    2|          0|
    |v4_30_addr_reg_3751               |  64|  32|    2|          0|
    |v4_31_addr_reg_3756               |  64|  32|    2|          0|
    |v4_32_addr_reg_3761               |  64|  32|    2|          0|
    |v4_33_addr_reg_3766               |  64|  32|    2|          0|
    |v4_34_addr_reg_3771               |  64|  32|    2|          0|
    |v4_35_addr_reg_3776               |  64|  32|    2|          0|
    |v4_36_addr_reg_3781               |  64|  32|    2|          0|
    |v4_37_addr_reg_3786               |  64|  32|    2|          0|
    |v4_38_addr_reg_3791               |  64|  32|    2|          0|
    |v4_39_addr_reg_3796               |  64|  32|    2|          0|
    |v4_3_addr_reg_3491                |  64|  32|    2|          0|
    |v4_40_addr_reg_3801               |  64|  32|    2|          0|
    |v4_41_addr_reg_3806               |  64|  32|    2|          0|
    |v4_42_addr_reg_3811               |  64|  32|    2|          0|
    |v4_43_addr_reg_3816               |  64|  32|    2|          0|
    |v4_44_addr_reg_3821               |  64|  32|    2|          0|
    |v4_45_addr_reg_3826               |  64|  32|    2|          0|
    |v4_46_addr_reg_3831               |  64|  32|    2|          0|
    |v4_47_addr_reg_3836               |  64|  32|    2|          0|
    |v4_48_addr_reg_3841               |  64|  32|    2|          0|
    |v4_49_addr_reg_3846               |  64|  32|    2|          0|
    |v4_4_addr_reg_3501                |  64|  32|    2|          0|
    |v4_50_addr_reg_3851               |  64|  32|    2|          0|
    |v4_51_addr_reg_3856               |  64|  32|    2|          0|
    |v4_52_addr_reg_3861               |  64|  32|    2|          0|
    |v4_53_addr_reg_3866               |  64|  32|    2|          0|
    |v4_54_addr_reg_3871               |  64|  32|    2|          0|
    |v4_5_addr_reg_3511                |  64|  32|    2|          0|
    |v4_6_addr_reg_3521                |  64|  32|    2|          0|
    |v4_7_addr_reg_3531                |  64|  32|    2|          0|
    |v4_8_addr_reg_3541                |  64|  32|    2|          0|
    |v4_9_addr_reg_3551                |  64|  32|    2|          0|
    |v4_addr_reg_3461                  |  64|  32|    2|          0|
    +----------------------------------+----+----+-----+-----------+
    |Total                             |7397|1824| 3863|          0|
    +----------------------------------+----+----+-----+-----------+



================================================================
== Interface
================================================================
* Summary: 
+-----------------+-----+-----+------------+-------------------------------+--------------+
|    RTL Ports    | Dir | Bits|  Protocol  |         Source Object         |    C Type    |
+-----------------+-----+-----+------------+-------------------------------+--------------+
|ap_clk           |   in|    1|  ap_ctrl_hs|  mm1_Pipeline_l_S_k0_0_k0_l_j0|  return value|
|ap_rst           |   in|    1|  ap_ctrl_hs|  mm1_Pipeline_l_S_k0_0_k0_l_j0|  return value|
|ap_start         |   in|    1|  ap_ctrl_hs|  mm1_Pipeline_l_S_k0_0_k0_l_j0|  return value|
|ap_done          |  out|    1|  ap_ctrl_hs|  mm1_Pipeline_l_S_k0_0_k0_l_j0|  return value|
|ap_idle          |  out|    1|  ap_ctrl_hs|  mm1_Pipeline_l_S_k0_0_k0_l_j0|  return value|
|ap_ready         |  out|    1|  ap_ctrl_hs|  mm1_Pipeline_l_S_k0_0_k0_l_j0|  return value|
|empty            |   in|   16|     ap_none|                          empty|        scalar|
|v24_address0     |  out|   16|   ap_memory|                            v24|         array|
|v24_ce0          |  out|    1|   ap_memory|                            v24|         array|
|v24_q0           |   in|   32|   ap_memory|                            v24|         array|
|v25_0_address0   |  out|   10|   ap_memory|                          v25_0|         array|
|v25_0_ce0        |  out|    1|   ap_memory|                          v25_0|         array|
|v25_0_q0         |   in|   32|   ap_memory|                          v25_0|         array|
|v25_1_address0   |  out|   10|   ap_memory|                          v25_1|         array|
|v25_1_ce0        |  out|    1|   ap_memory|                          v25_1|         array|
|v25_1_q0         |   in|   32|   ap_memory|                          v25_1|         array|
|v25_2_address0   |  out|   10|   ap_memory|                          v25_2|         array|
|v25_2_ce0        |  out|    1|   ap_memory|                          v25_2|         array|
|v25_2_q0         |   in|   32|   ap_memory|                          v25_2|         array|
|v25_3_address0   |  out|   10|   ap_memory|                          v25_3|         array|
|v25_3_ce0        |  out|    1|   ap_memory|                          v25_3|         array|
|v25_3_q0         |   in|   32|   ap_memory|                          v25_3|         array|
|v25_4_address0   |  out|   10|   ap_memory|                          v25_4|         array|
|v25_4_ce0        |  out|    1|   ap_memory|                          v25_4|         array|
|v25_4_q0         |   in|   32|   ap_memory|                          v25_4|         array|
|v25_5_address0   |  out|   10|   ap_memory|                          v25_5|         array|
|v25_5_ce0        |  out|    1|   ap_memory|                          v25_5|         array|
|v25_5_q0         |   in|   32|   ap_memory|                          v25_5|         array|
|v25_6_address0   |  out|   10|   ap_memory|                          v25_6|         array|
|v25_6_ce0        |  out|    1|   ap_memory|                          v25_6|         array|
|v25_6_q0         |   in|   32|   ap_memory|                          v25_6|         array|
|v25_7_address0   |  out|   10|   ap_memory|                          v25_7|         array|
|v25_7_ce0        |  out|    1|   ap_memory|                          v25_7|         array|
|v25_7_q0         |   in|   32|   ap_memory|                          v25_7|         array|
|v25_8_address0   |  out|   10|   ap_memory|                          v25_8|         array|
|v25_8_ce0        |  out|    1|   ap_memory|                          v25_8|         array|
|v25_8_q0         |   in|   32|   ap_memory|                          v25_8|         array|
|v25_9_address0   |  out|   10|   ap_memory|                          v25_9|         array|
|v25_9_ce0        |  out|    1|   ap_memory|                          v25_9|         array|
|v25_9_q0         |   in|   32|   ap_memory|                          v25_9|         array|
|v25_10_address0  |  out|   10|   ap_memory|                         v25_10|         array|
|v25_10_ce0       |  out|    1|   ap_memory|                         v25_10|         array|
|v25_10_q0        |   in|   32|   ap_memory|                         v25_10|         array|
|v25_11_address0  |  out|   10|   ap_memory|                         v25_11|         array|
|v25_11_ce0       |  out|    1|   ap_memory|                         v25_11|         array|
|v25_11_q0        |   in|   32|   ap_memory|                         v25_11|         array|
|v25_12_address0  |  out|   10|   ap_memory|                         v25_12|         array|
|v25_12_ce0       |  out|    1|   ap_memory|                         v25_12|         array|
|v25_12_q0        |   in|   32|   ap_memory|                         v25_12|         array|
|v25_13_address0  |  out|   10|   ap_memory|                         v25_13|         array|
|v25_13_ce0       |  out|    1|   ap_memory|                         v25_13|         array|
|v25_13_q0        |   in|   32|   ap_memory|                         v25_13|         array|
|v25_14_address0  |  out|   10|   ap_memory|                         v25_14|         array|
|v25_14_ce0       |  out|    1|   ap_memory|                         v25_14|         array|
|v25_14_q0        |   in|   32|   ap_memory|                         v25_14|         array|
|v25_15_address0  |  out|   10|   ap_memory|                         v25_15|         array|
|v25_15_ce0       |  out|    1|   ap_memory|                         v25_15|         array|
|v25_15_q0        |   in|   32|   ap_memory|                         v25_15|         array|
|v25_16_address0  |  out|   10|   ap_memory|                         v25_16|         array|
|v25_16_ce0       |  out|    1|   ap_memory|                         v25_16|         array|
|v25_16_q0        |   in|   32|   ap_memory|                         v25_16|         array|
|v25_17_address0  |  out|   10|   ap_memory|                         v25_17|         array|
|v25_17_ce0       |  out|    1|   ap_memory|                         v25_17|         array|
|v25_17_q0        |   in|   32|   ap_memory|                         v25_17|         array|
|v25_18_address0  |  out|   10|   ap_memory|                         v25_18|         array|
|v25_18_ce0       |  out|    1|   ap_memory|                         v25_18|         array|
|v25_18_q0        |   in|   32|   ap_memory|                         v25_18|         array|
|v25_19_address0  |  out|   10|   ap_memory|                         v25_19|         array|
|v25_19_ce0       |  out|    1|   ap_memory|                         v25_19|         array|
|v25_19_q0        |   in|   32|   ap_memory|                         v25_19|         array|
|v25_20_address0  |  out|   10|   ap_memory|                         v25_20|         array|
|v25_20_ce0       |  out|    1|   ap_memory|                         v25_20|         array|
|v25_20_q0        |   in|   32|   ap_memory|                         v25_20|         array|
|v25_21_address0  |  out|   10|   ap_memory|                         v25_21|         array|
|v25_21_ce0       |  out|    1|   ap_memory|                         v25_21|         array|
|v25_21_q0        |   in|   32|   ap_memory|                         v25_21|         array|
|v25_22_address0  |  out|   10|   ap_memory|                         v25_22|         array|
|v25_22_ce0       |  out|    1|   ap_memory|                         v25_22|         array|
|v25_22_q0        |   in|   32|   ap_memory|                         v25_22|         array|
|v25_23_address0  |  out|   10|   ap_memory|                         v25_23|         array|
|v25_23_ce0       |  out|    1|   ap_memory|                         v25_23|         array|
|v25_23_q0        |   in|   32|   ap_memory|                         v25_23|         array|
|v25_24_address0  |  out|   10|   ap_memory|                         v25_24|         array|
|v25_24_ce0       |  out|    1|   ap_memory|                         v25_24|         array|
|v25_24_q0        |   in|   32|   ap_memory|                         v25_24|         array|
|v25_25_address0  |  out|   10|   ap_memory|                         v25_25|         array|
|v25_25_ce0       |  out|    1|   ap_memory|                         v25_25|         array|
|v25_25_q0        |   in|   32|   ap_memory|                         v25_25|         array|
|v25_26_address0  |  out|   10|   ap_memory|                         v25_26|         array|
|v25_26_ce0       |  out|    1|   ap_memory|                         v25_26|         array|
|v25_26_q0        |   in|   32|   ap_memory|                         v25_26|         array|
|v25_27_address0  |  out|   10|   ap_memory|                         v25_27|         array|
|v25_27_ce0       |  out|    1|   ap_memory|                         v25_27|         array|
|v25_27_q0        |   in|   32|   ap_memory|                         v25_27|         array|
|v25_28_address0  |  out|   10|   ap_memory|                         v25_28|         array|
|v25_28_ce0       |  out|    1|   ap_memory|                         v25_28|         array|
|v25_28_q0        |   in|   32|   ap_memory|                         v25_28|         array|
|v25_29_address0  |  out|   10|   ap_memory|                         v25_29|         array|
|v25_29_ce0       |  out|    1|   ap_memory|                         v25_29|         array|
|v25_29_q0        |   in|   32|   ap_memory|                         v25_29|         array|
|v25_30_address0  |  out|   10|   ap_memory|                         v25_30|         array|
|v25_30_ce0       |  out|    1|   ap_memory|                         v25_30|         array|
|v25_30_q0        |   in|   32|   ap_memory|                         v25_30|         array|
|v25_31_address0  |  out|   10|   ap_memory|                         v25_31|         array|
|v25_31_ce0       |  out|    1|   ap_memory|                         v25_31|         array|
|v25_31_q0        |   in|   32|   ap_memory|                         v25_31|         array|
|v25_32_address0  |  out|   10|   ap_memory|                         v25_32|         array|
|v25_32_ce0       |  out|    1|   ap_memory|                         v25_32|         array|
|v25_32_q0        |   in|   32|   ap_memory|                         v25_32|         array|
|v25_33_address0  |  out|   10|   ap_memory|                         v25_33|         array|
|v25_33_ce0       |  out|    1|   ap_memory|                         v25_33|         array|
|v25_33_q0        |   in|   32|   ap_memory|                         v25_33|         array|
|v25_34_address0  |  out|   10|   ap_memory|                         v25_34|         array|
|v25_34_ce0       |  out|    1|   ap_memory|                         v25_34|         array|
|v25_34_q0        |   in|   32|   ap_memory|                         v25_34|         array|
|v25_35_address0  |  out|   10|   ap_memory|                         v25_35|         array|
|v25_35_ce0       |  out|    1|   ap_memory|                         v25_35|         array|
|v25_35_q0        |   in|   32|   ap_memory|                         v25_35|         array|
|v25_36_address0  |  out|   10|   ap_memory|                         v25_36|         array|
|v25_36_ce0       |  out|    1|   ap_memory|                         v25_36|         array|
|v25_36_q0        |   in|   32|   ap_memory|                         v25_36|         array|
|v25_37_address0  |  out|   10|   ap_memory|                         v25_37|         array|
|v25_37_ce0       |  out|    1|   ap_memory|                         v25_37|         array|
|v25_37_q0        |   in|   32|   ap_memory|                         v25_37|         array|
|v25_38_address0  |  out|   10|   ap_memory|                         v25_38|         array|
|v25_38_ce0       |  out|    1|   ap_memory|                         v25_38|         array|
|v25_38_q0        |   in|   32|   ap_memory|                         v25_38|         array|
|v25_39_address0  |  out|   10|   ap_memory|                         v25_39|         array|
|v25_39_ce0       |  out|    1|   ap_memory|                         v25_39|         array|
|v25_39_q0        |   in|   32|   ap_memory|                         v25_39|         array|
|v25_40_address0  |  out|   10|   ap_memory|                         v25_40|         array|
|v25_40_ce0       |  out|    1|   ap_memory|                         v25_40|         array|
|v25_40_q0        |   in|   32|   ap_memory|                         v25_40|         array|
|v25_41_address0  |  out|   10|   ap_memory|                         v25_41|         array|
|v25_41_ce0       |  out|    1|   ap_memory|                         v25_41|         array|
|v25_41_q0        |   in|   32|   ap_memory|                         v25_41|         array|
|v25_42_address0  |  out|   10|   ap_memory|                         v25_42|         array|
|v25_42_ce0       |  out|    1|   ap_memory|                         v25_42|         array|
|v25_42_q0        |   in|   32|   ap_memory|                         v25_42|         array|
|v25_43_address0  |  out|   10|   ap_memory|                         v25_43|         array|
|v25_43_ce0       |  out|    1|   ap_memory|                         v25_43|         array|
|v25_43_q0        |   in|   32|   ap_memory|                         v25_43|         array|
|v25_44_address0  |  out|   10|   ap_memory|                         v25_44|         array|
|v25_44_ce0       |  out|    1|   ap_memory|                         v25_44|         array|
|v25_44_q0        |   in|   32|   ap_memory|                         v25_44|         array|
|v25_45_address0  |  out|   10|   ap_memory|                         v25_45|         array|
|v25_45_ce0       |  out|    1|   ap_memory|                         v25_45|         array|
|v25_45_q0        |   in|   32|   ap_memory|                         v25_45|         array|
|v25_46_address0  |  out|   10|   ap_memory|                         v25_46|         array|
|v25_46_ce0       |  out|    1|   ap_memory|                         v25_46|         array|
|v25_46_q0        |   in|   32|   ap_memory|                         v25_46|         array|
|v25_47_address0  |  out|   10|   ap_memory|                         v25_47|         array|
|v25_47_ce0       |  out|    1|   ap_memory|                         v25_47|         array|
|v25_47_q0        |   in|   32|   ap_memory|                         v25_47|         array|
|v25_48_address0  |  out|   10|   ap_memory|                         v25_48|         array|
|v25_48_ce0       |  out|    1|   ap_memory|                         v25_48|         array|
|v25_48_q0        |   in|   32|   ap_memory|                         v25_48|         array|
|v25_49_address0  |  out|   10|   ap_memory|                         v25_49|         array|
|v25_49_ce0       |  out|    1|   ap_memory|                         v25_49|         array|
|v25_49_q0        |   in|   32|   ap_memory|                         v25_49|         array|
|v25_50_address0  |  out|   10|   ap_memory|                         v25_50|         array|
|v25_50_ce0       |  out|    1|   ap_memory|                         v25_50|         array|
|v25_50_q0        |   in|   32|   ap_memory|                         v25_50|         array|
|v25_51_address0  |  out|   10|   ap_memory|                         v25_51|         array|
|v25_51_ce0       |  out|    1|   ap_memory|                         v25_51|         array|
|v25_51_q0        |   in|   32|   ap_memory|                         v25_51|         array|
|v25_52_address0  |  out|   10|   ap_memory|                         v25_52|         array|
|v25_52_ce0       |  out|    1|   ap_memory|                         v25_52|         array|
|v25_52_q0        |   in|   32|   ap_memory|                         v25_52|         array|
|v25_53_address0  |  out|   10|   ap_memory|                         v25_53|         array|
|v25_53_ce0       |  out|    1|   ap_memory|                         v25_53|         array|
|v25_53_q0        |   in|   32|   ap_memory|                         v25_53|         array|
|v25_54_address0  |  out|   10|   ap_memory|                         v25_54|         array|
|v25_54_ce0       |  out|    1|   ap_memory|                         v25_54|         array|
|v25_54_q0        |   in|   32|   ap_memory|                         v25_54|         array|
|v4_address0      |  out|    2|   ap_memory|                             v4|         array|
|v4_ce0           |  out|    1|   ap_memory|                             v4|         array|
|v4_we0           |  out|    1|   ap_memory|                             v4|         array|
|v4_d0            |  out|   32|   ap_memory|                             v4|         array|
|v4_q0            |   in|   32|   ap_memory|                             v4|         array|
|v4_1_address0    |  out|    2|   ap_memory|                           v4_1|         array|
|v4_1_ce0         |  out|    1|   ap_memory|                           v4_1|         array|
|v4_1_we0         |  out|    1|   ap_memory|                           v4_1|         array|
|v4_1_d0          |  out|   32|   ap_memory|                           v4_1|         array|
|v4_1_q0          |   in|   32|   ap_memory|                           v4_1|         array|
|v4_2_address0    |  out|    2|   ap_memory|                           v4_2|         array|
|v4_2_ce0         |  out|    1|   ap_memory|                           v4_2|         array|
|v4_2_we0         |  out|    1|   ap_memory|                           v4_2|         array|
|v4_2_d0          |  out|   32|   ap_memory|                           v4_2|         array|
|v4_2_q0          |   in|   32|   ap_memory|                           v4_2|         array|
|v4_3_address0    |  out|    2|   ap_memory|                           v4_3|         array|
|v4_3_ce0         |  out|    1|   ap_memory|                           v4_3|         array|
|v4_3_we0         |  out|    1|   ap_memory|                           v4_3|         array|
|v4_3_d0          |  out|   32|   ap_memory|                           v4_3|         array|
|v4_3_q0          |   in|   32|   ap_memory|                           v4_3|         array|
|v4_4_address0    |  out|    2|   ap_memory|                           v4_4|         array|
|v4_4_ce0         |  out|    1|   ap_memory|                           v4_4|         array|
|v4_4_we0         |  out|    1|   ap_memory|                           v4_4|         array|
|v4_4_d0          |  out|   32|   ap_memory|                           v4_4|         array|
|v4_4_q0          |   in|   32|   ap_memory|                           v4_4|         array|
|v4_5_address0    |  out|    2|   ap_memory|                           v4_5|         array|
|v4_5_ce0         |  out|    1|   ap_memory|                           v4_5|         array|
|v4_5_we0         |  out|    1|   ap_memory|                           v4_5|         array|
|v4_5_d0          |  out|   32|   ap_memory|                           v4_5|         array|
|v4_5_q0          |   in|   32|   ap_memory|                           v4_5|         array|
|v4_6_address0    |  out|    2|   ap_memory|                           v4_6|         array|
|v4_6_ce0         |  out|    1|   ap_memory|                           v4_6|         array|
|v4_6_we0         |  out|    1|   ap_memory|                           v4_6|         array|
|v4_6_d0          |  out|   32|   ap_memory|                           v4_6|         array|
|v4_6_q0          |   in|   32|   ap_memory|                           v4_6|         array|
|v4_7_address0    |  out|    2|   ap_memory|                           v4_7|         array|
|v4_7_ce0         |  out|    1|   ap_memory|                           v4_7|         array|
|v4_7_we0         |  out|    1|   ap_memory|                           v4_7|         array|
|v4_7_d0          |  out|   32|   ap_memory|                           v4_7|         array|
|v4_7_q0          |   in|   32|   ap_memory|                           v4_7|         array|
|v4_8_address0    |  out|    2|   ap_memory|                           v4_8|         array|
|v4_8_ce0         |  out|    1|   ap_memory|                           v4_8|         array|
|v4_8_we0         |  out|    1|   ap_memory|                           v4_8|         array|
|v4_8_d0          |  out|   32|   ap_memory|                           v4_8|         array|
|v4_8_q0          |   in|   32|   ap_memory|                           v4_8|         array|
|v4_9_address0    |  out|    2|   ap_memory|                           v4_9|         array|
|v4_9_ce0         |  out|    1|   ap_memory|                           v4_9|         array|
|v4_9_we0         |  out|    1|   ap_memory|                           v4_9|         array|
|v4_9_d0          |  out|   32|   ap_memory|                           v4_9|         array|
|v4_9_q0          |   in|   32|   ap_memory|                           v4_9|         array|
|v4_10_address0   |  out|    2|   ap_memory|                          v4_10|         array|
|v4_10_ce0        |  out|    1|   ap_memory|                          v4_10|         array|
|v4_10_we0        |  out|    1|   ap_memory|                          v4_10|         array|
|v4_10_d0         |  out|   32|   ap_memory|                          v4_10|         array|
|v4_10_q0         |   in|   32|   ap_memory|                          v4_10|         array|
|v4_11_address0   |  out|    2|   ap_memory|                          v4_11|         array|
|v4_11_ce0        |  out|    1|   ap_memory|                          v4_11|         array|
|v4_11_we0        |  out|    1|   ap_memory|                          v4_11|         array|
|v4_11_d0         |  out|   32|   ap_memory|                          v4_11|         array|
|v4_11_q0         |   in|   32|   ap_memory|                          v4_11|         array|
|v4_12_address0   |  out|    2|   ap_memory|                          v4_12|         array|
|v4_12_ce0        |  out|    1|   ap_memory|                          v4_12|         array|
|v4_12_we0        |  out|    1|   ap_memory|                          v4_12|         array|
|v4_12_d0         |  out|   32|   ap_memory|                          v4_12|         array|
|v4_12_q0         |   in|   32|   ap_memory|                          v4_12|         array|
|v4_13_address0   |  out|    2|   ap_memory|                          v4_13|         array|
|v4_13_ce0        |  out|    1|   ap_memory|                          v4_13|         array|
|v4_13_we0        |  out|    1|   ap_memory|                          v4_13|         array|
|v4_13_d0         |  out|   32|   ap_memory|                          v4_13|         array|
|v4_13_q0         |   in|   32|   ap_memory|                          v4_13|         array|
|v4_14_address0   |  out|    2|   ap_memory|                          v4_14|         array|
|v4_14_ce0        |  out|    1|   ap_memory|                          v4_14|         array|
|v4_14_we0        |  out|    1|   ap_memory|                          v4_14|         array|
|v4_14_d0         |  out|   32|   ap_memory|                          v4_14|         array|
|v4_14_q0         |   in|   32|   ap_memory|                          v4_14|         array|
|v4_15_address0   |  out|    2|   ap_memory|                          v4_15|         array|
|v4_15_ce0        |  out|    1|   ap_memory|                          v4_15|         array|
|v4_15_we0        |  out|    1|   ap_memory|                          v4_15|         array|
|v4_15_d0         |  out|   32|   ap_memory|                          v4_15|         array|
|v4_15_q0         |   in|   32|   ap_memory|                          v4_15|         array|
|v4_16_address0   |  out|    2|   ap_memory|                          v4_16|         array|
|v4_16_ce0        |  out|    1|   ap_memory|                          v4_16|         array|
|v4_16_we0        |  out|    1|   ap_memory|                          v4_16|         array|
|v4_16_d0         |  out|   32|   ap_memory|                          v4_16|         array|
|v4_16_q0         |   in|   32|   ap_memory|                          v4_16|         array|
|v4_17_address0   |  out|    2|   ap_memory|                          v4_17|         array|
|v4_17_ce0        |  out|    1|   ap_memory|                          v4_17|         array|
|v4_17_we0        |  out|    1|   ap_memory|                          v4_17|         array|
|v4_17_d0         |  out|   32|   ap_memory|                          v4_17|         array|
|v4_17_q0         |   in|   32|   ap_memory|                          v4_17|         array|
|v4_18_address0   |  out|    2|   ap_memory|                          v4_18|         array|
|v4_18_ce0        |  out|    1|   ap_memory|                          v4_18|         array|
|v4_18_we0        |  out|    1|   ap_memory|                          v4_18|         array|
|v4_18_d0         |  out|   32|   ap_memory|                          v4_18|         array|
|v4_18_q0         |   in|   32|   ap_memory|                          v4_18|         array|
|v4_19_address0   |  out|    2|   ap_memory|                          v4_19|         array|
|v4_19_ce0        |  out|    1|   ap_memory|                          v4_19|         array|
|v4_19_we0        |  out|    1|   ap_memory|                          v4_19|         array|
|v4_19_d0         |  out|   32|   ap_memory|                          v4_19|         array|
|v4_19_q0         |   in|   32|   ap_memory|                          v4_19|         array|
|v4_20_address0   |  out|    2|   ap_memory|                          v4_20|         array|
|v4_20_ce0        |  out|    1|   ap_memory|                          v4_20|         array|
|v4_20_we0        |  out|    1|   ap_memory|                          v4_20|         array|
|v4_20_d0         |  out|   32|   ap_memory|                          v4_20|         array|
|v4_20_q0         |   in|   32|   ap_memory|                          v4_20|         array|
|v4_21_address0   |  out|    2|   ap_memory|                          v4_21|         array|
|v4_21_ce0        |  out|    1|   ap_memory|                          v4_21|         array|
|v4_21_we0        |  out|    1|   ap_memory|                          v4_21|         array|
|v4_21_d0         |  out|   32|   ap_memory|                          v4_21|         array|
|v4_21_q0         |   in|   32|   ap_memory|                          v4_21|         array|
|v4_22_address0   |  out|    2|   ap_memory|                          v4_22|         array|
|v4_22_ce0        |  out|    1|   ap_memory|                          v4_22|         array|
|v4_22_we0        |  out|    1|   ap_memory|                          v4_22|         array|
|v4_22_d0         |  out|   32|   ap_memory|                          v4_22|         array|
|v4_22_q0         |   in|   32|   ap_memory|                          v4_22|         array|
|v4_23_address0   |  out|    2|   ap_memory|                          v4_23|         array|
|v4_23_ce0        |  out|    1|   ap_memory|                          v4_23|         array|
|v4_23_we0        |  out|    1|   ap_memory|                          v4_23|         array|
|v4_23_d0         |  out|   32|   ap_memory|                          v4_23|         array|
|v4_23_q0         |   in|   32|   ap_memory|                          v4_23|         array|
|v4_24_address0   |  out|    2|   ap_memory|                          v4_24|         array|
|v4_24_ce0        |  out|    1|   ap_memory|                          v4_24|         array|
|v4_24_we0        |  out|    1|   ap_memory|                          v4_24|         array|
|v4_24_d0         |  out|   32|   ap_memory|                          v4_24|         array|
|v4_24_q0         |   in|   32|   ap_memory|                          v4_24|         array|
|v4_25_address0   |  out|    2|   ap_memory|                          v4_25|         array|
|v4_25_ce0        |  out|    1|   ap_memory|                          v4_25|         array|
|v4_25_we0        |  out|    1|   ap_memory|                          v4_25|         array|
|v4_25_d0         |  out|   32|   ap_memory|                          v4_25|         array|
|v4_25_q0         |   in|   32|   ap_memory|                          v4_25|         array|
|v4_26_address0   |  out|    2|   ap_memory|                          v4_26|         array|
|v4_26_ce0        |  out|    1|   ap_memory|                          v4_26|         array|
|v4_26_we0        |  out|    1|   ap_memory|                          v4_26|         array|
|v4_26_d0         |  out|   32|   ap_memory|                          v4_26|         array|
|v4_26_q0         |   in|   32|   ap_memory|                          v4_26|         array|
|v4_27_address0   |  out|    2|   ap_memory|                          v4_27|         array|
|v4_27_ce0        |  out|    1|   ap_memory|                          v4_27|         array|
|v4_27_we0        |  out|    1|   ap_memory|                          v4_27|         array|
|v4_27_d0         |  out|   32|   ap_memory|                          v4_27|         array|
|v4_27_q0         |   in|   32|   ap_memory|                          v4_27|         array|
|v4_28_address0   |  out|    2|   ap_memory|                          v4_28|         array|
|v4_28_ce0        |  out|    1|   ap_memory|                          v4_28|         array|
|v4_28_we0        |  out|    1|   ap_memory|                          v4_28|         array|
|v4_28_d0         |  out|   32|   ap_memory|                          v4_28|         array|
|v4_28_q0         |   in|   32|   ap_memory|                          v4_28|         array|
|v4_29_address0   |  out|    2|   ap_memory|                          v4_29|         array|
|v4_29_ce0        |  out|    1|   ap_memory|                          v4_29|         array|
|v4_29_we0        |  out|    1|   ap_memory|                          v4_29|         array|
|v4_29_d0         |  out|   32|   ap_memory|                          v4_29|         array|
|v4_29_q0         |   in|   32|   ap_memory|                          v4_29|         array|
|v4_30_address0   |  out|    2|   ap_memory|                          v4_30|         array|
|v4_30_ce0        |  out|    1|   ap_memory|                          v4_30|         array|
|v4_30_we0        |  out|    1|   ap_memory|                          v4_30|         array|
|v4_30_d0         |  out|   32|   ap_memory|                          v4_30|         array|
|v4_30_q0         |   in|   32|   ap_memory|                          v4_30|         array|
|v4_31_address0   |  out|    2|   ap_memory|                          v4_31|         array|
|v4_31_ce0        |  out|    1|   ap_memory|                          v4_31|         array|
|v4_31_we0        |  out|    1|   ap_memory|                          v4_31|         array|
|v4_31_d0         |  out|   32|   ap_memory|                          v4_31|         array|
|v4_31_q0         |   in|   32|   ap_memory|                          v4_31|         array|
|v4_32_address0   |  out|    2|   ap_memory|                          v4_32|         array|
|v4_32_ce0        |  out|    1|   ap_memory|                          v4_32|         array|
|v4_32_we0        |  out|    1|   ap_memory|                          v4_32|         array|
|v4_32_d0         |  out|   32|   ap_memory|                          v4_32|         array|
|v4_32_q0         |   in|   32|   ap_memory|                          v4_32|         array|
|v4_33_address0   |  out|    2|   ap_memory|                          v4_33|         array|
|v4_33_ce0        |  out|    1|   ap_memory|                          v4_33|         array|
|v4_33_we0        |  out|    1|   ap_memory|                          v4_33|         array|
|v4_33_d0         |  out|   32|   ap_memory|                          v4_33|         array|
|v4_33_q0         |   in|   32|   ap_memory|                          v4_33|         array|
|v4_34_address0   |  out|    2|   ap_memory|                          v4_34|         array|
|v4_34_ce0        |  out|    1|   ap_memory|                          v4_34|         array|
|v4_34_we0        |  out|    1|   ap_memory|                          v4_34|         array|
|v4_34_d0         |  out|   32|   ap_memory|                          v4_34|         array|
|v4_34_q0         |   in|   32|   ap_memory|                          v4_34|         array|
|v4_35_address0   |  out|    2|   ap_memory|                          v4_35|         array|
|v4_35_ce0        |  out|    1|   ap_memory|                          v4_35|         array|
|v4_35_we0        |  out|    1|   ap_memory|                          v4_35|         array|
|v4_35_d0         |  out|   32|   ap_memory|                          v4_35|         array|
|v4_35_q0         |   in|   32|   ap_memory|                          v4_35|         array|
|v4_36_address0   |  out|    2|   ap_memory|                          v4_36|         array|
|v4_36_ce0        |  out|    1|   ap_memory|                          v4_36|         array|
|v4_36_we0        |  out|    1|   ap_memory|                          v4_36|         array|
|v4_36_d0         |  out|   32|   ap_memory|                          v4_36|         array|
|v4_36_q0         |   in|   32|   ap_memory|                          v4_36|         array|
|v4_37_address0   |  out|    2|   ap_memory|                          v4_37|         array|
|v4_37_ce0        |  out|    1|   ap_memory|                          v4_37|         array|
|v4_37_we0        |  out|    1|   ap_memory|                          v4_37|         array|
|v4_37_d0         |  out|   32|   ap_memory|                          v4_37|         array|
|v4_37_q0         |   in|   32|   ap_memory|                          v4_37|         array|
|v4_38_address0   |  out|    2|   ap_memory|                          v4_38|         array|
|v4_38_ce0        |  out|    1|   ap_memory|                          v4_38|         array|
|v4_38_we0        |  out|    1|   ap_memory|                          v4_38|         array|
|v4_38_d0         |  out|   32|   ap_memory|                          v4_38|         array|
|v4_38_q0         |   in|   32|   ap_memory|                          v4_38|         array|
|v4_39_address0   |  out|    2|   ap_memory|                          v4_39|         array|
|v4_39_ce0        |  out|    1|   ap_memory|                          v4_39|         array|
|v4_39_we0        |  out|    1|   ap_memory|                          v4_39|         array|
|v4_39_d0         |  out|   32|   ap_memory|                          v4_39|         array|
|v4_39_q0         |   in|   32|   ap_memory|                          v4_39|         array|
|v4_40_address0   |  out|    2|   ap_memory|                          v4_40|         array|
|v4_40_ce0        |  out|    1|   ap_memory|                          v4_40|         array|
|v4_40_we0        |  out|    1|   ap_memory|                          v4_40|         array|
|v4_40_d0         |  out|   32|   ap_memory|                          v4_40|         array|
|v4_40_q0         |   in|   32|   ap_memory|                          v4_40|         array|
|v4_41_address0   |  out|    2|   ap_memory|                          v4_41|         array|
|v4_41_ce0        |  out|    1|   ap_memory|                          v4_41|         array|
|v4_41_we0        |  out|    1|   ap_memory|                          v4_41|         array|
|v4_41_d0         |  out|   32|   ap_memory|                          v4_41|         array|
|v4_41_q0         |   in|   32|   ap_memory|                          v4_41|         array|
|v4_42_address0   |  out|    2|   ap_memory|                          v4_42|         array|
|v4_42_ce0        |  out|    1|   ap_memory|                          v4_42|         array|
|v4_42_we0        |  out|    1|   ap_memory|                          v4_42|         array|
|v4_42_d0         |  out|   32|   ap_memory|                          v4_42|         array|
|v4_42_q0         |   in|   32|   ap_memory|                          v4_42|         array|
|v4_43_address0   |  out|    2|   ap_memory|                          v4_43|         array|
|v4_43_ce0        |  out|    1|   ap_memory|                          v4_43|         array|
|v4_43_we0        |  out|    1|   ap_memory|                          v4_43|         array|
|v4_43_d0         |  out|   32|   ap_memory|                          v4_43|         array|
|v4_43_q0         |   in|   32|   ap_memory|                          v4_43|         array|
|v4_44_address0   |  out|    2|   ap_memory|                          v4_44|         array|
|v4_44_ce0        |  out|    1|   ap_memory|                          v4_44|         array|
|v4_44_we0        |  out|    1|   ap_memory|                          v4_44|         array|
|v4_44_d0         |  out|   32|   ap_memory|                          v4_44|         array|
|v4_44_q0         |   in|   32|   ap_memory|                          v4_44|         array|
|v4_45_address0   |  out|    2|   ap_memory|                          v4_45|         array|
|v4_45_ce0        |  out|    1|   ap_memory|                          v4_45|         array|
|v4_45_we0        |  out|    1|   ap_memory|                          v4_45|         array|
|v4_45_d0         |  out|   32|   ap_memory|                          v4_45|         array|
|v4_45_q0         |   in|   32|   ap_memory|                          v4_45|         array|
|v4_46_address0   |  out|    2|   ap_memory|                          v4_46|         array|
|v4_46_ce0        |  out|    1|   ap_memory|                          v4_46|         array|
|v4_46_we0        |  out|    1|   ap_memory|                          v4_46|         array|
|v4_46_d0         |  out|   32|   ap_memory|                          v4_46|         array|
|v4_46_q0         |   in|   32|   ap_memory|                          v4_46|         array|
|v4_47_address0   |  out|    2|   ap_memory|                          v4_47|         array|
|v4_47_ce0        |  out|    1|   ap_memory|                          v4_47|         array|
|v4_47_we0        |  out|    1|   ap_memory|                          v4_47|         array|
|v4_47_d0         |  out|   32|   ap_memory|                          v4_47|         array|
|v4_47_q0         |   in|   32|   ap_memory|                          v4_47|         array|
|v4_48_address0   |  out|    2|   ap_memory|                          v4_48|         array|
|v4_48_ce0        |  out|    1|   ap_memory|                          v4_48|         array|
|v4_48_we0        |  out|    1|   ap_memory|                          v4_48|         array|
|v4_48_d0         |  out|   32|   ap_memory|                          v4_48|         array|
|v4_48_q0         |   in|   32|   ap_memory|                          v4_48|         array|
|v4_49_address0   |  out|    2|   ap_memory|                          v4_49|         array|
|v4_49_ce0        |  out|    1|   ap_memory|                          v4_49|         array|
|v4_49_we0        |  out|    1|   ap_memory|                          v4_49|         array|
|v4_49_d0         |  out|   32|   ap_memory|                          v4_49|         array|
|v4_49_q0         |   in|   32|   ap_memory|                          v4_49|         array|
|v4_50_address0   |  out|    2|   ap_memory|                          v4_50|         array|
|v4_50_ce0        |  out|    1|   ap_memory|                          v4_50|         array|
|v4_50_we0        |  out|    1|   ap_memory|                          v4_50|         array|
|v4_50_d0         |  out|   32|   ap_memory|                          v4_50|         array|
|v4_50_q0         |   in|   32|   ap_memory|                          v4_50|         array|
|v4_51_address0   |  out|    2|   ap_memory|                          v4_51|         array|
|v4_51_ce0        |  out|    1|   ap_memory|                          v4_51|         array|
|v4_51_we0        |  out|    1|   ap_memory|                          v4_51|         array|
|v4_51_d0         |  out|   32|   ap_memory|                          v4_51|         array|
|v4_51_q0         |   in|   32|   ap_memory|                          v4_51|         array|
|v4_52_address0   |  out|    2|   ap_memory|                          v4_52|         array|
|v4_52_ce0        |  out|    1|   ap_memory|                          v4_52|         array|
|v4_52_we0        |  out|    1|   ap_memory|                          v4_52|         array|
|v4_52_d0         |  out|   32|   ap_memory|                          v4_52|         array|
|v4_52_q0         |   in|   32|   ap_memory|                          v4_52|         array|
|v4_53_address0   |  out|    2|   ap_memory|                          v4_53|         array|
|v4_53_ce0        |  out|    1|   ap_memory|                          v4_53|         array|
|v4_53_we0        |  out|    1|   ap_memory|                          v4_53|         array|
|v4_53_d0         |  out|   32|   ap_memory|                          v4_53|         array|
|v4_53_q0         |   in|   32|   ap_memory|                          v4_53|         array|
|v4_54_address0   |  out|    2|   ap_memory|                          v4_54|         array|
|v4_54_ce0        |  out|    1|   ap_memory|                          v4_54|         array|
|v4_54_we0        |  out|    1|   ap_memory|                          v4_54|         array|
|v4_54_d0         |  out|   32|   ap_memory|                          v4_54|         array|
|v4_54_q0         |   in|   32|   ap_memory|                          v4_54|         array|
+-----------------+-----+-----+------------+-------------------------------+--------------+

